2026-09-01 19:38:37 interface_sanity={"gradients": {"full-channel-gate": {"seg_gate": 0.047012092429213226, "seg_semantic": 0.5941349300555885, "seg_temporal": 0.0, "temporal_branch": 5.814429308055878, "temporal_gate": 0.0, "temporal_semantic": 0.0}, "full-channel-temporal": {"seg_gate": 0.047012092429213226, "seg_semantic": 0.6017457949928939, "seg_temporal": 0.0, "temporal_branch": 5.814429308055878, "temporal_gate": 0.0, "temporal_semantic": 0.0}, "full-scalar": {"seg_gate": 0.01703026401810348, "seg_semantic": 0.5941349300555885, "seg_temporal": 0.0, "temporal_branch": 5.814429308055878, "temporal_gate": 0.0, "temporal_semantic": 0.0}, "full-temporal-semantic": {"seg_gate": 0.01703026401810348, "seg_semantic": 0.6017457949928939, "seg_temporal": 0.0, "temporal_branch": 5.814429308055878, "temporal_gate": 0.0, "temporal_semantic": 0.0}}, "indexing": {"503": {"bptt": 4, "first_temporal_pair": [50, 51], "sequence_boundary_reset": true, "temporal_pairs": 452, "warmup": 50}, "601": {"bptt": 4, "first_temporal_pair": [60, 61], "sequence_boundary_reset": true, "temporal_pairs": 540, "warmup": 60}}, "logits_max_abs_diff": {"full-channel-gate": 0.0, "full-channel-temporal": 0.0, "full-scalar": 0.0, "full-temporal-semantic": 0.0}, "posterior_max_abs_diff": {"full-channel-gate": 0.0, "full-channel-temporal": 0.0, "full-scalar": 0.0, "full-temporal-semantic": 0.0}}
2026-09-01 19:38:39 condition=Clean sequence=0000 frame=25/154
2026-09-01 19:38:43 condition=Clean sequence=0000 frame=50/154
2026-09-01 19:38:46 condition=Clean sequence=0000 frame=75/154
2026-09-01 19:38:49 condition=Clean sequence=0000 frame=100/154
2026-09-01 19:38:53 condition=Clean sequence=0000 frame=125/154
2026-09-01 19:38:56 condition=Clean sequence=0000 frame=150/154
2026-09-01 19:38:57 condition=Clean sequence=0001 frame=25/447
2026-09-01 19:38:59 condition=Clean sequence=0001 frame=50/447
2026-09-01 19:39:02 condition=Clean sequence=0001 frame=75/447
2026-09-01 19:39:06 condition=Clean sequence=0001 frame=100/447
2026-09-01 19:39:09 condition=Clean sequence=0001 frame=125/447
2026-09-01 19:39:12 condition=Clean sequence=0001 frame=150/447
2026-09-01 19:39:16 condition=Clean sequence=0001 frame=175/447
2026-09-01 19:39:19 condition=Clean sequence=0001 frame=200/447
2026-09-01 19:39:23 condition=Clean sequence=0001 frame=225/447
2026-09-01 19:39:26 condition=Clean sequence=0001 frame=250/447
2026-09-01 19:39:30 condition=Clean sequence=0001 frame=275/447
2026-09-01 19:39:33 condition=Clean sequence=0001 frame=300/447
2026-09-01 19:39:36 condition=Clean sequence=0001 frame=325/447
2026-09-01 19:39:40 condition=Clean sequence=0001 frame=350/447
2026-09-01 19:39:43 condition=Clean sequence=0001 frame=375/447
2026-09-01 19:39:47 condition=Clean sequence=0001 frame=400/447
2026-09-01 19:39:50 condition=Clean sequence=0001 frame=425/447
2026-09-01 19:39:54 condition=Clean sequence=0002 frame=25/233
2026-09-01 19:39:56 condition=Clean sequence=0002 frame=50/233
2026-09-01 19:40:00 condition=Clean sequence=0002 frame=75/233
2026-09-01 19:40:03 condition=Clean sequence=0002 frame=100/233
2026-09-01 19:40:07 condition=Clean sequence=0002 frame=125/233
2026-09-01 19:40:10 condition=Clean sequence=0002 frame=150/233
2026-09-01 19:40:14 condition=Clean sequence=0002 frame=175/233
2026-09-01 19:40:17 condition=Clean sequence=0002 frame=200/233
2026-09-01 19:40:21 condition=Clean sequence=0002 frame=225/233
2026-09-01 19:40:22 condition=Clean sequence=0006 frame=25/270
2026-09-01 19:40:24 condition=Clean sequence=0006 frame=50/270
2026-09-01 19:40:28 condition=Clean sequence=0006 frame=75/270
2026-09-01 19:40:31 condition=Clean sequence=0006 frame=100/270
2026-09-01 19:40:35 condition=Clean sequence=0006 frame=125/270
2026-09-01 19:40:38 condition=Clean sequence=0006 frame=150/270
2026-09-01 19:40:42 condition=Clean sequence=0006 frame=175/270
2026-09-01 19:40:45 condition=Clean sequence=0006 frame=200/270
2026-09-01 19:40:49 condition=Clean sequence=0006 frame=225/270
2026-09-01 19:40:52 condition=Clean sequence=0006 frame=250/270
2026-09-01 19:40:55 epoch=1 best_val_mIoU={"full-scalar": 0.5495986927148364, "full-channel-gate": 0.5494309691486351, "full-temporal-semantic": 0.5499875718059755, "full-channel-temporal": 0.5497946435625897}
2026-09-01 19:40:56 condition=Clean sequence=0000 frame=25/154
2026-09-01 19:41:00 condition=Clean sequence=0000 frame=50/154
2026-09-01 19:41:03 condition=Clean sequence=0000 frame=75/154
2026-09-01 19:41:07 condition=Clean sequence=0000 frame=100/154
2026-09-01 19:41:10 condition=Clean sequence=0000 frame=125/154
2026-09-01 19:41:13 condition=Clean sequence=0000 frame=150/154
2026-09-01 19:41:15 condition=Clean sequence=0001 frame=25/447
2026-09-01 19:41:16 condition=Clean sequence=0001 frame=50/447
2026-09-01 19:41:20 condition=Clean sequence=0001 frame=75/447
2026-09-01 19:41:23 condition=Clean sequence=0001 frame=100/447
2026-09-01 19:41:26 condition=Clean sequence=0001 frame=125/447
2026-09-01 19:41:30 condition=Clean sequence=0001 frame=150/447
2026-09-01 19:41:33 condition=Clean sequence=0001 frame=175/447
2026-09-01 19:41:36 condition=Clean sequence=0001 frame=200/447
2026-09-01 19:41:40 condition=Clean sequence=0001 frame=225/447
2026-09-01 19:41:43 condition=Clean sequence=0001 frame=250/447
2026-09-01 19:41:47 condition=Clean sequence=0001 frame=275/447
2026-09-01 19:41:50 condition=Clean sequence=0001 frame=300/447
2026-09-01 19:41:53 condition=Clean sequence=0001 frame=325/447
2026-09-01 19:41:57 condition=Clean sequence=0001 frame=350/447
2026-09-01 19:42:00 condition=Clean sequence=0001 frame=375/447
2026-09-01 19:42:04 condition=Clean sequence=0001 frame=400/447
2026-09-01 19:42:07 condition=Clean sequence=0001 frame=425/447
2026-09-01 19:42:11 condition=Clean sequence=0002 frame=25/233
2026-09-01 19:42:13 condition=Clean sequence=0002 frame=50/233
2026-09-01 19:42:17 condition=Clean sequence=0002 frame=75/233
2026-09-01 19:42:20 condition=Clean sequence=0002 frame=100/233
2026-09-01 19:42:23 condition=Clean sequence=0002 frame=125/233
2026-09-01 19:42:27 condition=Clean sequence=0002 frame=150/233
2026-09-01 19:42:30 condition=Clean sequence=0002 frame=175/233
2026-09-01 19:42:33 condition=Clean sequence=0002 frame=200/233
2026-09-01 19:42:37 condition=Clean sequence=0002 frame=225/233
2026-09-01 19:42:38 condition=Clean sequence=0006 frame=25/270
2026-09-01 19:42:41 condition=Clean sequence=0006 frame=50/270
2026-09-01 19:42:44 condition=Clean sequence=0006 frame=75/270
2026-09-01 19:42:47 condition=Clean sequence=0006 frame=100/270
2026-09-01 19:42:51 condition=Clean sequence=0006 frame=125/270
2026-09-01 19:42:54 condition=Clean sequence=0006 frame=150/270
2026-09-01 19:42:57 condition=Clean sequence=0006 frame=175/270
2026-09-01 19:43:01 condition=Clean sequence=0006 frame=200/270
2026-09-01 19:43:04 condition=Clean sequence=0006 frame=225/270
2026-09-01 19:43:08 condition=Clean sequence=0006 frame=250/270
2026-09-01 19:43:10 epoch=2 best_val_mIoU={"full-scalar": 0.5495986927148364, "full-channel-gate": 0.5494309691486351, "full-temporal-semantic": 0.5499875718059755, "full-channel-temporal": 0.5497946435625897}
2026-09-01 19:43:12 condition=Clean sequence=0000 frame=25/154
2026-09-01 19:43:15 condition=Clean sequence=0000 frame=50/154
2026-09-01 19:43:19 condition=Clean sequence=0000 frame=75/154
2026-09-01 19:43:22 condition=Clean sequence=0000 frame=100/154
2026-09-01 19:43:25 condition=Clean sequence=0000 frame=125/154
2026-09-01 19:43:29 condition=Clean sequence=0000 frame=150/154
2026-09-01 19:43:30 condition=Clean sequence=0001 frame=25/447
2026-09-01 19:43:32 condition=Clean sequence=0001 frame=50/447
2026-09-01 19:43:35 condition=Clean sequence=0001 frame=75/447
2026-09-01 19:43:39 condition=Clean sequence=0001 frame=100/447
2026-09-01 19:43:42 condition=Clean sequence=0001 frame=125/447
2026-09-01 19:43:45 condition=Clean sequence=0001 frame=150/447
2026-09-01 19:43:49 condition=Clean sequence=0001 frame=175/447
2026-09-01 19:43:52 condition=Clean sequence=0001 frame=200/447
2026-09-01 19:43:55 condition=Clean sequence=0001 frame=225/447
2026-09-01 19:43:59 condition=Clean sequence=0001 frame=250/447
2026-09-01 19:44:02 condition=Clean sequence=0001 frame=275/447
2026-09-01 19:44:06 condition=Clean sequence=0001 frame=300/447
2026-09-01 19:44:09 condition=Clean sequence=0001 frame=325/447
2026-09-01 19:44:12 condition=Clean sequence=0001 frame=350/447
2026-09-01 19:44:16 condition=Clean sequence=0001 frame=375/447
2026-09-01 19:44:19 condition=Clean sequence=0001 frame=400/447
2026-09-01 19:44:23 condition=Clean sequence=0001 frame=425/447
2026-09-01 19:44:26 condition=Clean sequence=0002 frame=25/233
2026-09-01 19:44:29 condition=Clean sequence=0002 frame=50/233
2026-09-01 19:44:32 condition=Clean sequence=0002 frame=75/233
2026-09-01 19:44:36 condition=Clean sequence=0002 frame=100/233
2026-09-01 19:44:39 condition=Clean sequence=0002 frame=125/233
2026-09-01 19:44:43 condition=Clean sequence=0002 frame=150/233
2026-09-01 19:44:46 condition=Clean sequence=0002 frame=175/233
2026-09-01 19:44:50 condition=Clean sequence=0002 frame=200/233
2026-09-01 19:44:53 condition=Clean sequence=0002 frame=225/233
2026-09-01 19:44:54 condition=Clean sequence=0006 frame=25/270
2026-09-01 19:44:57 condition=Clean sequence=0006 frame=50/270
2026-09-01 19:45:00 condition=Clean sequence=0006 frame=75/270
2026-09-01 19:45:04 condition=Clean sequence=0006 frame=100/270
2026-09-01 19:45:07 condition=Clean sequence=0006 frame=125/270
2026-09-01 19:45:10 condition=Clean sequence=0006 frame=150/270
2026-09-01 19:45:14 condition=Clean sequence=0006 frame=175/270
2026-09-01 19:45:17 condition=Clean sequence=0006 frame=200/270
2026-09-01 19:45:21 condition=Clean sequence=0006 frame=225/270
2026-09-01 19:45:24 condition=Clean sequence=0006 frame=250/270
2026-09-01 19:45:26 epoch=3 best_val_mIoU={"full-scalar": 0.5504802800362203, "full-channel-gate": 0.5494309691486351, "full-temporal-semantic": 0.5499875718059755, "full-channel-temporal": 0.5497946435625897}
2026-09-01 19:45:27 condition=Clean sequence=0002 frame=25/233
2026-09-01 19:45:30 condition=Clean sequence=0002 frame=50/233
2026-09-01 19:45:33 condition=Clean sequence=0002 frame=75/233
2026-09-01 19:45:37 condition=Clean sequence=0002 frame=100/233
2026-09-01 19:45:40 condition=Clean sequence=0002 frame=125/233
2026-09-01 19:45:43 condition=Clean sequence=0002 frame=150/233
2026-09-01 19:45:47 condition=Clean sequence=0002 frame=175/233
2026-09-01 19:45:50 condition=Clean sequence=0002 frame=200/233
2026-09-01 19:45:53 condition=Clean sequence=0002 frame=225/233
2026-09-01 19:45:55 condition=Clean sequence=0006 frame=25/270
2026-09-01 19:45:57 condition=Clean sequence=0006 frame=50/270
2026-09-01 19:46:01 condition=Clean sequence=0006 frame=75/270
2026-09-01 19:46:04 condition=Clean sequence=0006 frame=100/270
2026-09-01 19:46:07 condition=Clean sequence=0006 frame=125/270
2026-09-01 19:46:11 condition=Clean sequence=0006 frame=150/270
2026-09-01 19:46:14 condition=Clean sequence=0006 frame=175/270
2026-09-01 19:46:18 condition=Clean sequence=0006 frame=200/270
2026-09-01 19:46:21 condition=Clean sequence=0006 frame=225/270
2026-09-01 19:46:24 condition=Clean sequence=0006 frame=250/270
2026-09-01 19:46:27 condition=Blur-Mid sequence=0002 frame=25/233
2026-09-01 19:46:30 condition=Blur-Mid sequence=0002 frame=50/233
2026-09-01 19:46:33 condition=Blur-Mid sequence=0002 frame=75/233
2026-09-01 19:46:37 condition=Blur-Mid sequence=0002 frame=100/233
2026-09-01 19:46:40 condition=Blur-Mid sequence=0002 frame=125/233
2026-09-01 19:46:43 condition=Blur-Mid sequence=0002 frame=150/233
2026-09-01 19:46:47 condition=Blur-Mid sequence=0002 frame=175/233
2026-09-01 19:46:50 condition=Blur-Mid sequence=0002 frame=200/233
2026-09-01 19:46:54 condition=Blur-Mid sequence=0002 frame=225/233
2026-09-01 19:46:55 condition=Blur-Mid sequence=0006 frame=25/270
2026-09-01 19:46:58 condition=Blur-Mid sequence=0006 frame=50/270
2026-09-01 19:47:01 condition=Blur-Mid sequence=0006 frame=75/270
2026-09-01 19:47:04 condition=Blur-Mid sequence=0006 frame=100/270
2026-09-01 19:47:08 condition=Blur-Mid sequence=0006 frame=125/270
2026-09-01 19:47:11 condition=Blur-Mid sequence=0006 frame=150/270
2026-09-01 19:47:15 condition=Blur-Mid sequence=0006 frame=175/270
2026-09-01 19:47:18 condition=Blur-Mid sequence=0006 frame=200/270
2026-09-01 19:47:22 condition=Blur-Mid sequence=0006 frame=225/270
2026-09-01 19:47:25 condition=Blur-Mid sequence=0006 frame=250/270
2026-09-01 19:47:28 condition=Blur-Max sequence=0002 frame=25/233
2026-09-01 19:47:31 condition=Blur-Max sequence=0002 frame=50/233
2026-09-01 19:47:34 condition=Blur-Max sequence=0002 frame=75/233
2026-09-01 19:47:38 condition=Blur-Max sequence=0002 frame=100/233
2026-09-01 19:47:41 condition=Blur-Max sequence=0002 frame=125/233
2026-09-01 19:47:45 condition=Blur-Max sequence=0002 frame=150/233
2026-09-01 19:47:48 condition=Blur-Max sequence=0002 frame=175/233
2026-09-01 19:47:51 condition=Blur-Max sequence=0002 frame=200/233
2026-09-01 19:47:55 condition=Blur-Max sequence=0002 frame=225/233
2026-09-01 19:47:56 condition=Blur-Max sequence=0006 frame=25/270
2026-09-01 19:47:59 condition=Blur-Max sequence=0006 frame=50/270
2026-09-01 19:48:02 condition=Blur-Max sequence=0006 frame=75/270
2026-09-01 19:48:05 condition=Blur-Max sequence=0006 frame=100/270
2026-09-01 19:48:09 condition=Blur-Max sequence=0006 frame=125/270
2026-09-01 19:48:12 condition=Blur-Max sequence=0006 frame=150/270
2026-09-01 19:48:16 condition=Blur-Max sequence=0006 frame=175/270
2026-09-01 19:48:19 condition=Blur-Max sequence=0006 frame=200/270
2026-09-01 19:48:22 condition=Blur-Max sequence=0006 frame=225/270
2026-09-01 19:48:26 condition=Blur-Max sequence=0006 frame=250/270
