2026-09-01 20:27:59 semantic_refinement_sanity={"context_refine_expand_grad": 0.041795605910010636, "local_refine_expand_grad": 0.04207054851576686, "posterior_max_abs_diff": 0.0, "seg_semantic_grad": 0.5959126754896715, "seg_temporal_grad": 0.0, "semantic_residual_max_abs_diff": 0.0, "temporal_branch_grad": 3.9142026312217695, "temporal_gate_grad": 0.0, "temporal_semantic_grad": 0.0}
2026-09-01 20:28:01 condition=Clean sequence=0000 frame=25/154
2026-09-01 20:28:04 condition=Clean sequence=0000 frame=50/154
2026-09-01 20:28:07 condition=Clean sequence=0000 frame=75/154
2026-09-01 20:28:10 condition=Clean sequence=0000 frame=100/154
2026-09-01 20:28:12 condition=Clean sequence=0000 frame=125/154
2026-09-01 20:28:15 condition=Clean sequence=0000 frame=150/154
2026-09-01 20:28:16 condition=Clean sequence=0001 frame=25/447
2026-09-01 20:28:17 condition=Clean sequence=0001 frame=50/447
2026-09-01 20:28:20 condition=Clean sequence=0001 frame=75/447
2026-09-01 20:28:23 condition=Clean sequence=0001 frame=100/447
2026-09-01 20:28:26 condition=Clean sequence=0001 frame=125/447
2026-09-01 20:28:28 condition=Clean sequence=0001 frame=150/447
2026-09-01 20:28:31 condition=Clean sequence=0001 frame=175/447
2026-09-01 20:28:34 condition=Clean sequence=0001 frame=200/447
2026-09-01 20:28:37 condition=Clean sequence=0001 frame=225/447
2026-09-01 20:28:39 condition=Clean sequence=0001 frame=250/447
2026-09-01 20:28:42 condition=Clean sequence=0001 frame=275/447
2026-09-01 20:28:45 condition=Clean sequence=0001 frame=300/447
2026-09-01 20:28:48 condition=Clean sequence=0001 frame=325/447
2026-09-01 20:28:50 condition=Clean sequence=0001 frame=350/447
2026-09-01 20:28:53 condition=Clean sequence=0001 frame=375/447
2026-09-01 20:28:56 condition=Clean sequence=0001 frame=400/447
2026-09-01 20:28:59 condition=Clean sequence=0001 frame=425/447
2026-09-01 20:29:02 condition=Clean sequence=0002 frame=25/233
2026-09-01 20:29:04 condition=Clean sequence=0002 frame=50/233
2026-09-01 20:29:06 condition=Clean sequence=0002 frame=75/233
2026-09-01 20:29:08 condition=Clean sequence=0002 frame=100/233
2026-09-01 20:29:11 condition=Clean sequence=0002 frame=125/233
2026-09-01 20:29:13 condition=Clean sequence=0002 frame=150/233
2026-09-01 20:29:16 condition=Clean sequence=0002 frame=175/233
2026-09-01 20:29:18 condition=Clean sequence=0002 frame=200/233
2026-09-01 20:29:21 condition=Clean sequence=0002 frame=225/233
2026-09-01 20:29:22 condition=Clean sequence=0006 frame=25/270
2026-09-01 20:29:23 condition=Clean sequence=0006 frame=50/270
2026-09-01 20:29:26 condition=Clean sequence=0006 frame=75/270
2026-09-01 20:29:28 condition=Clean sequence=0006 frame=100/270
2026-09-01 20:29:31 condition=Clean sequence=0006 frame=125/270
2026-09-01 20:29:33 condition=Clean sequence=0006 frame=150/270
2026-09-01 20:29:35 condition=Clean sequence=0006 frame=175/270
2026-09-01 20:29:38 condition=Clean sequence=0006 frame=200/270
2026-09-01 20:29:40 condition=Clean sequence=0006 frame=225/270
2026-09-01 20:29:43 condition=Clean sequence=0006 frame=250/270
2026-09-01 20:29:45 epoch=1 best_val_mIoU={"old": 0.5459401806927648, "full-explicit": 0.5481023277599572, "full-residual": 0.5480707373534247}
2026-09-01 20:29:46 condition=Clean sequence=0000 frame=25/154
2026-09-01 20:29:49 condition=Clean sequence=0000 frame=50/154
2026-09-01 20:29:52 condition=Clean sequence=0000 frame=75/154
2026-09-01 20:29:54 condition=Clean sequence=0000 frame=100/154
2026-09-01 20:29:57 condition=Clean sequence=0000 frame=125/154
2026-09-01 20:30:00 condition=Clean sequence=0000 frame=150/154
2026-09-01 20:30:01 condition=Clean sequence=0001 frame=25/447
2026-09-01 20:30:02 condition=Clean sequence=0001 frame=50/447
2026-09-01 20:30:05 condition=Clean sequence=0001 frame=75/447
2026-09-01 20:30:08 condition=Clean sequence=0001 frame=100/447
2026-09-01 20:30:10 condition=Clean sequence=0001 frame=125/447
2026-09-01 20:30:13 condition=Clean sequence=0001 frame=150/447
2026-09-01 20:30:16 condition=Clean sequence=0001 frame=175/447
2026-09-01 20:30:19 condition=Clean sequence=0001 frame=200/447
2026-09-01 20:30:21 condition=Clean sequence=0001 frame=225/447
2026-09-01 20:30:24 condition=Clean sequence=0001 frame=250/447
2026-09-01 20:30:27 condition=Clean sequence=0001 frame=275/447
2026-09-01 20:30:30 condition=Clean sequence=0001 frame=300/447
2026-09-01 20:30:32 condition=Clean sequence=0001 frame=325/447
2026-09-01 20:30:35 condition=Clean sequence=0001 frame=350/447
2026-09-01 20:30:38 condition=Clean sequence=0001 frame=375/447
2026-09-01 20:30:41 condition=Clean sequence=0001 frame=400/447
2026-09-01 20:30:43 condition=Clean sequence=0001 frame=425/447
2026-09-01 20:30:46 condition=Clean sequence=0002 frame=25/233
2026-09-01 20:30:48 condition=Clean sequence=0002 frame=50/233
2026-09-01 20:30:51 condition=Clean sequence=0002 frame=75/233
2026-09-01 20:30:53 condition=Clean sequence=0002 frame=100/233
2026-09-01 20:30:56 condition=Clean sequence=0002 frame=125/233
2026-09-01 20:30:58 condition=Clean sequence=0002 frame=150/233
2026-09-01 20:31:01 condition=Clean sequence=0002 frame=175/233
2026-09-01 20:31:03 condition=Clean sequence=0002 frame=200/233
2026-09-01 20:31:06 condition=Clean sequence=0002 frame=225/233
2026-09-01 20:31:07 condition=Clean sequence=0006 frame=25/270
2026-09-01 20:31:09 condition=Clean sequence=0006 frame=50/270
2026-09-01 20:31:11 condition=Clean sequence=0006 frame=75/270
2026-09-01 20:31:14 condition=Clean sequence=0006 frame=100/270
2026-09-01 20:31:16 condition=Clean sequence=0006 frame=125/270
2026-09-01 20:31:19 condition=Clean sequence=0006 frame=150/270
2026-09-01 20:31:21 condition=Clean sequence=0006 frame=175/270
2026-09-01 20:31:24 condition=Clean sequence=0006 frame=200/270
2026-09-01 20:31:26 condition=Clean sequence=0006 frame=225/270
2026-09-01 20:31:28 condition=Clean sequence=0006 frame=250/270
2026-09-01 20:31:30 epoch=2 best_val_mIoU={"old": 0.5459401806927648, "full-explicit": 0.5481023277599572, "full-residual": 0.5480707373534247}
2026-09-01 20:31:32 condition=Clean sequence=0000 frame=25/154
2026-09-01 20:31:35 condition=Clean sequence=0000 frame=50/154
2026-09-01 20:31:37 condition=Clean sequence=0000 frame=75/154
2026-09-01 20:31:40 condition=Clean sequence=0000 frame=100/154
2026-09-01 20:31:43 condition=Clean sequence=0000 frame=125/154
2026-09-01 20:31:46 condition=Clean sequence=0000 frame=150/154
2026-09-01 20:31:47 condition=Clean sequence=0001 frame=25/447
2026-09-01 20:31:48 condition=Clean sequence=0001 frame=50/447
2026-09-01 20:31:51 condition=Clean sequence=0001 frame=75/447
2026-09-01 20:31:53 condition=Clean sequence=0001 frame=100/447
2026-09-01 20:31:56 condition=Clean sequence=0001 frame=125/447
2026-09-01 20:31:59 condition=Clean sequence=0001 frame=150/447
2026-09-01 20:32:02 condition=Clean sequence=0001 frame=175/447
2026-09-01 20:32:04 condition=Clean sequence=0001 frame=200/447
2026-09-01 20:32:07 condition=Clean sequence=0001 frame=225/447
2026-09-01 20:32:10 condition=Clean sequence=0001 frame=250/447
2026-09-01 20:32:13 condition=Clean sequence=0001 frame=275/447
2026-09-01 20:32:16 condition=Clean sequence=0001 frame=300/447
2026-09-01 20:32:18 condition=Clean sequence=0001 frame=325/447
2026-09-01 20:32:21 condition=Clean sequence=0001 frame=350/447
2026-09-01 20:32:24 condition=Clean sequence=0001 frame=375/447
2026-09-01 20:32:27 condition=Clean sequence=0001 frame=400/447
2026-09-01 20:32:29 condition=Clean sequence=0001 frame=425/447
2026-09-01 20:32:32 condition=Clean sequence=0002 frame=25/233
2026-09-01 20:32:34 condition=Clean sequence=0002 frame=50/233
2026-09-01 20:32:37 condition=Clean sequence=0002 frame=75/233
2026-09-01 20:32:39 condition=Clean sequence=0002 frame=100/233
2026-09-01 20:32:42 condition=Clean sequence=0002 frame=125/233
2026-09-01 20:32:44 condition=Clean sequence=0002 frame=150/233
2026-09-01 20:32:47 condition=Clean sequence=0002 frame=175/233
2026-09-01 20:32:49 condition=Clean sequence=0002 frame=200/233
2026-09-01 20:32:52 condition=Clean sequence=0002 frame=225/233
2026-09-01 20:32:53 condition=Clean sequence=0006 frame=25/270
2026-09-01 20:32:54 condition=Clean sequence=0006 frame=50/270
2026-09-01 20:32:57 condition=Clean sequence=0006 frame=75/270
2026-09-01 20:32:59 condition=Clean sequence=0006 frame=100/270
2026-09-01 20:33:02 condition=Clean sequence=0006 frame=125/270
2026-09-01 20:33:04 condition=Clean sequence=0006 frame=150/270
2026-09-01 20:33:07 condition=Clean sequence=0006 frame=175/270
2026-09-01 20:33:09 condition=Clean sequence=0006 frame=200/270
2026-09-01 20:33:12 condition=Clean sequence=0006 frame=225/270
2026-09-01 20:33:14 condition=Clean sequence=0006 frame=250/270
2026-09-01 20:33:16 epoch=3 best_val_mIoU={"old": 0.5459401806927648, "full-explicit": 0.5492699024003885, "full-residual": 0.5490209417413188}
2026-09-01 20:33:17 condition=Clean sequence=0002 frame=25/233
2026-09-01 20:33:19 condition=Clean sequence=0002 frame=50/233
2026-09-01 20:33:22 condition=Clean sequence=0002 frame=75/233
2026-09-01 20:33:24 condition=Clean sequence=0002 frame=100/233
2026-09-01 20:33:27 condition=Clean sequence=0002 frame=125/233
2026-09-01 20:33:29 condition=Clean sequence=0002 frame=150/233
2026-09-01 20:33:32 condition=Clean sequence=0002 frame=175/233
2026-09-01 20:33:34 condition=Clean sequence=0002 frame=200/233
2026-09-01 20:33:37 condition=Clean sequence=0002 frame=225/233
2026-09-01 20:33:38 condition=Clean sequence=0006 frame=25/270
2026-09-01 20:33:40 condition=Clean sequence=0006 frame=50/270
2026-09-01 20:33:42 condition=Clean sequence=0006 frame=75/270
2026-09-01 20:33:45 condition=Clean sequence=0006 frame=100/270
2026-09-01 20:33:47 condition=Clean sequence=0006 frame=125/270
2026-09-01 20:33:50 condition=Clean sequence=0006 frame=150/270
2026-09-01 20:33:52 condition=Clean sequence=0006 frame=175/270
2026-09-01 20:33:55 condition=Clean sequence=0006 frame=200/270
2026-09-01 20:33:57 condition=Clean sequence=0006 frame=225/270
2026-09-01 20:34:00 condition=Clean sequence=0006 frame=250/270
2026-09-01 20:34:02 condition=Blur-Mid sequence=0002 frame=25/233
2026-09-01 20:34:04 condition=Blur-Mid sequence=0002 frame=50/233
2026-09-01 20:34:07 condition=Blur-Mid sequence=0002 frame=75/233
2026-09-01 20:34:09 condition=Blur-Mid sequence=0002 frame=100/233
2026-09-01 20:34:12 condition=Blur-Mid sequence=0002 frame=125/233
2026-09-01 20:34:14 condition=Blur-Mid sequence=0002 frame=150/233
2026-09-01 20:34:17 condition=Blur-Mid sequence=0002 frame=175/233
2026-09-01 20:34:19 condition=Blur-Mid sequence=0002 frame=200/233
2026-09-01 20:34:22 condition=Blur-Mid sequence=0002 frame=225/233
2026-09-01 20:34:23 condition=Blur-Mid sequence=0006 frame=25/270
2026-09-01 20:34:24 condition=Blur-Mid sequence=0006 frame=50/270
2026-09-01 20:34:27 condition=Blur-Mid sequence=0006 frame=75/270
2026-09-01 20:34:29 condition=Blur-Mid sequence=0006 frame=100/270
2026-09-01 20:34:32 condition=Blur-Mid sequence=0006 frame=125/270
2026-09-01 20:34:34 condition=Blur-Mid sequence=0006 frame=150/270
2026-09-01 20:34:37 condition=Blur-Mid sequence=0006 frame=175/270
2026-09-01 20:34:40 condition=Blur-Mid sequence=0006 frame=200/270
2026-09-01 20:34:42 condition=Blur-Mid sequence=0006 frame=225/270
2026-09-01 20:34:45 condition=Blur-Mid sequence=0006 frame=250/270
2026-09-01 20:34:47 condition=Blur-Max sequence=0002 frame=25/233
2026-09-01 20:34:49 condition=Blur-Max sequence=0002 frame=50/233
2026-09-01 20:34:52 condition=Blur-Max sequence=0002 frame=75/233
2026-09-01 20:34:54 condition=Blur-Max sequence=0002 frame=100/233
2026-09-01 20:34:56 condition=Blur-Max sequence=0002 frame=125/233
2026-09-01 20:34:59 condition=Blur-Max sequence=0002 frame=150/233
2026-09-01 20:35:01 condition=Blur-Max sequence=0002 frame=175/233
2026-09-01 20:35:04 condition=Blur-Max sequence=0002 frame=200/233
2026-09-01 20:35:06 condition=Blur-Max sequence=0002 frame=225/233
2026-09-01 20:35:08 condition=Blur-Max sequence=0006 frame=25/270
2026-09-01 20:35:09 condition=Blur-Max sequence=0006 frame=50/270
2026-09-01 20:35:12 condition=Blur-Max sequence=0006 frame=75/270
2026-09-01 20:35:14 condition=Blur-Max sequence=0006 frame=100/270
2026-09-01 20:35:17 condition=Blur-Max sequence=0006 frame=125/270
2026-09-01 20:35:19 condition=Blur-Max sequence=0006 frame=150/270
2026-09-01 20:35:22 condition=Blur-Max sequence=0006 frame=175/270
2026-09-01 20:35:24 condition=Blur-Max sequence=0006 frame=200/270
2026-09-01 20:35:27 condition=Blur-Max sequence=0006 frame=225/270
2026-09-01 20:35:29 condition=Blur-Max sequence=0006 frame=250/270
