2026-09-01 19:55:34 interface_sanity={"gradients": {"full-channel-gate": {"seg_gate": 0.047012092429213226, "seg_semantic": 0.5941349300555885, "seg_temporal": 0.0, "temporal_branch": 5.814429308055878, "temporal_gate": 0.0, "temporal_semantic": 0.0}, "full-channel-temporal": {"seg_gate": 0.047012092429213226, "seg_semantic": 0.6017457949928939, "seg_temporal": 0.0, "temporal_branch": 5.814429308055878, "temporal_gate": 0.0, "temporal_semantic": 0.0}, "full-scalar": {"seg_gate": 0.01703026401810348, "seg_semantic": 0.5941349300555885, "seg_temporal": 0.0, "temporal_branch": 5.814429308055878, "temporal_gate": 0.0, "temporal_semantic": 0.0}, "full-temporal-semantic": {"seg_gate": 0.01703026401810348, "seg_semantic": 0.6017457949928939, "seg_temporal": 0.0, "temporal_branch": 5.814429308055878, "temporal_gate": 0.0, "temporal_semantic": 0.0}}, "indexing": {"503": {"bptt": 4, "first_temporal_pair": [50, 51], "sequence_boundary_reset": true, "temporal_pairs": 452, "warmup": 50}, "601": {"bptt": 4, "first_temporal_pair": [60, 61], "sequence_boundary_reset": true, "temporal_pairs": 540, "warmup": 60}}, "logits_max_abs_diff": {"full-channel-gate": 0.0, "full-channel-temporal": 0.0, "full-scalar": 0.0, "full-temporal-semantic": 0.0}, "posterior_max_abs_diff": {"full-channel-gate": 0.0, "full-channel-temporal": 0.0, "full-scalar": 0.0, "full-temporal-semantic": 0.0}}
2026-09-01 19:55:36 condition=Clean sequence=0000 frame=25/154
2026-09-01 19:55:40 condition=Clean sequence=0000 frame=50/154
2026-09-01 19:55:43 condition=Clean sequence=0000 frame=75/154
2026-09-01 19:55:47 condition=Clean sequence=0000 frame=100/154
2026-09-01 19:55:50 condition=Clean sequence=0000 frame=125/154
2026-09-01 19:55:54 condition=Clean sequence=0000 frame=150/154
2026-09-01 19:55:55 condition=Clean sequence=0001 frame=25/447
2026-09-01 19:55:56 condition=Clean sequence=0001 frame=50/447
2026-09-01 19:56:00 condition=Clean sequence=0001 frame=75/447
2026-09-01 19:56:03 condition=Clean sequence=0001 frame=100/447
2026-09-01 19:56:06 condition=Clean sequence=0001 frame=125/447
2026-09-01 19:56:10 condition=Clean sequence=0001 frame=150/447
2026-09-01 19:56:13 condition=Clean sequence=0001 frame=175/447
2026-09-01 19:56:17 condition=Clean sequence=0001 frame=200/447
2026-09-01 19:56:20 condition=Clean sequence=0001 frame=225/447
2026-09-01 19:56:23 condition=Clean sequence=0001 frame=250/447
2026-09-01 19:56:27 condition=Clean sequence=0001 frame=275/447
2026-09-01 19:56:30 condition=Clean sequence=0001 frame=300/447
2026-09-01 19:56:34 condition=Clean sequence=0001 frame=325/447
2026-09-01 19:56:37 condition=Clean sequence=0001 frame=350/447
2026-09-01 19:56:41 condition=Clean sequence=0001 frame=375/447
2026-09-01 19:56:44 condition=Clean sequence=0001 frame=400/447
2026-09-01 19:56:47 condition=Clean sequence=0001 frame=425/447
2026-09-01 19:56:51 condition=Clean sequence=0002 frame=25/233
2026-09-01 19:56:54 condition=Clean sequence=0002 frame=50/233
2026-09-01 19:56:57 condition=Clean sequence=0002 frame=75/233
2026-09-01 19:57:00 condition=Clean sequence=0002 frame=100/233
2026-09-01 19:57:04 condition=Clean sequence=0002 frame=125/233
2026-09-01 19:57:07 condition=Clean sequence=0002 frame=150/233
2026-09-01 19:57:11 condition=Clean sequence=0002 frame=175/233
2026-09-01 19:57:14 condition=Clean sequence=0002 frame=200/233
2026-09-01 19:57:17 condition=Clean sequence=0002 frame=225/233
2026-09-01 19:57:19 condition=Clean sequence=0006 frame=25/270
2026-09-01 19:57:21 condition=Clean sequence=0006 frame=50/270
2026-09-01 19:57:24 condition=Clean sequence=0006 frame=75/270
2026-09-01 19:57:28 condition=Clean sequence=0006 frame=100/270
2026-09-01 19:57:31 condition=Clean sequence=0006 frame=125/270
2026-09-01 19:57:35 condition=Clean sequence=0006 frame=150/270
2026-09-01 19:57:38 condition=Clean sequence=0006 frame=175/270
2026-09-01 19:57:42 condition=Clean sequence=0006 frame=200/270
2026-09-01 19:57:45 condition=Clean sequence=0006 frame=225/270
2026-09-01 19:57:48 condition=Clean sequence=0006 frame=250/270
2026-09-01 19:57:51 epoch=1 best_val_mIoU={"full-scalar": 0.5495952511925586, "full-channel-gate": 0.5494278088701938, "full-temporal-semantic": 0.5499868517853377, "full-channel-temporal": 0.5497957955412854}
2026-09-01 19:57:53 condition=Clean sequence=0000 frame=25/154
2026-09-01 19:57:56 condition=Clean sequence=0000 frame=50/154
2026-09-01 19:58:00 condition=Clean sequence=0000 frame=75/154
2026-09-01 19:58:03 condition=Clean sequence=0000 frame=100/154
2026-09-01 19:58:06 condition=Clean sequence=0000 frame=125/154
2026-09-01 19:58:10 condition=Clean sequence=0000 frame=150/154
2026-09-01 19:58:11 condition=Clean sequence=0001 frame=25/447
2026-09-01 19:58:12 condition=Clean sequence=0001 frame=50/447
2026-09-01 19:58:16 condition=Clean sequence=0001 frame=75/447
2026-09-01 19:58:19 condition=Clean sequence=0001 frame=100/447
2026-09-01 19:58:23 condition=Clean sequence=0001 frame=125/447
2026-09-01 19:58:26 condition=Clean sequence=0001 frame=150/447
2026-09-01 19:58:30 condition=Clean sequence=0001 frame=175/447
2026-09-01 19:58:33 condition=Clean sequence=0001 frame=200/447
2026-09-01 19:58:36 condition=Clean sequence=0001 frame=225/447
2026-09-01 19:58:40 condition=Clean sequence=0001 frame=250/447
2026-09-01 19:58:43 condition=Clean sequence=0001 frame=275/447
2026-09-01 19:58:47 condition=Clean sequence=0001 frame=300/447
2026-09-01 19:58:50 condition=Clean sequence=0001 frame=325/447
2026-09-01 19:58:53 condition=Clean sequence=0001 frame=350/447
2026-09-01 19:58:57 condition=Clean sequence=0001 frame=375/447
2026-09-01 19:59:00 condition=Clean sequence=0001 frame=400/447
2026-09-01 19:59:03 condition=Clean sequence=0001 frame=425/447
2026-09-01 19:59:07 condition=Clean sequence=0002 frame=25/233
2026-09-01 19:59:10 condition=Clean sequence=0002 frame=50/233
2026-09-01 19:59:13 condition=Clean sequence=0002 frame=75/233
2026-09-01 19:59:16 condition=Clean sequence=0002 frame=100/233
2026-09-01 19:59:20 condition=Clean sequence=0002 frame=125/233
2026-09-01 19:59:23 condition=Clean sequence=0002 frame=150/233
2026-09-01 19:59:26 condition=Clean sequence=0002 frame=175/233
2026-09-01 19:59:30 condition=Clean sequence=0002 frame=200/233
2026-09-01 19:59:33 condition=Clean sequence=0002 frame=225/233
2026-09-01 19:59:34 condition=Clean sequence=0006 frame=25/270
2026-09-01 19:59:37 condition=Clean sequence=0006 frame=50/270
2026-09-01 19:59:40 condition=Clean sequence=0006 frame=75/270
2026-09-01 19:59:43 condition=Clean sequence=0006 frame=100/270
2026-09-01 19:59:47 condition=Clean sequence=0006 frame=125/270
2026-09-01 19:59:50 condition=Clean sequence=0006 frame=150/270
2026-09-01 19:59:53 condition=Clean sequence=0006 frame=175/270
2026-09-01 19:59:57 condition=Clean sequence=0006 frame=200/270
2026-09-01 20:00:00 condition=Clean sequence=0006 frame=225/270
2026-09-01 20:00:03 condition=Clean sequence=0006 frame=250/270
2026-09-01 20:00:06 epoch=2 best_val_mIoU={"full-scalar": 0.5495952511925586, "full-channel-gate": 0.5494278088701938, "full-temporal-semantic": 0.5499868517853377, "full-channel-temporal": 0.5497957955412854}
2026-09-01 20:00:08 condition=Clean sequence=0000 frame=25/154
2026-09-01 20:00:11 condition=Clean sequence=0000 frame=50/154
2026-09-01 20:00:14 condition=Clean sequence=0000 frame=75/154
2026-09-01 20:00:18 condition=Clean sequence=0000 frame=100/154
2026-09-01 20:00:21 condition=Clean sequence=0000 frame=125/154
2026-09-01 20:00:25 condition=Clean sequence=0000 frame=150/154
2026-09-01 20:00:26 condition=Clean sequence=0001 frame=25/447
2026-09-01 20:00:27 condition=Clean sequence=0001 frame=50/447
2026-09-01 20:00:31 condition=Clean sequence=0001 frame=75/447
2026-09-01 20:00:34 condition=Clean sequence=0001 frame=100/447
2026-09-01 20:00:37 condition=Clean sequence=0001 frame=125/447
2026-09-01 20:00:41 condition=Clean sequence=0001 frame=150/447
2026-09-01 20:00:44 condition=Clean sequence=0001 frame=175/447
2026-09-01 20:00:48 condition=Clean sequence=0001 frame=200/447
2026-09-01 20:00:51 condition=Clean sequence=0001 frame=225/447
2026-09-01 20:00:54 condition=Clean sequence=0001 frame=250/447
2026-09-01 20:00:58 condition=Clean sequence=0001 frame=275/447
2026-09-01 20:01:01 condition=Clean sequence=0001 frame=300/447
2026-09-01 20:01:05 condition=Clean sequence=0001 frame=325/447
2026-09-01 20:01:08 condition=Clean sequence=0001 frame=350/447
2026-09-01 20:01:12 condition=Clean sequence=0001 frame=375/447
2026-09-01 20:01:15 condition=Clean sequence=0001 frame=400/447
2026-09-01 20:01:18 condition=Clean sequence=0001 frame=425/447
2026-09-01 20:01:22 condition=Clean sequence=0002 frame=25/233
2026-09-01 20:01:25 condition=Clean sequence=0002 frame=50/233
2026-09-01 20:01:28 condition=Clean sequence=0002 frame=75/233
2026-09-01 20:01:31 condition=Clean sequence=0002 frame=100/233
2026-09-01 20:01:35 condition=Clean sequence=0002 frame=125/233
2026-09-01 20:01:38 condition=Clean sequence=0002 frame=150/233
2026-09-01 20:01:41 condition=Clean sequence=0002 frame=175/233
2026-09-01 20:01:45 condition=Clean sequence=0002 frame=200/233
2026-09-01 20:01:48 condition=Clean sequence=0002 frame=225/233
2026-09-01 20:01:49 condition=Clean sequence=0006 frame=25/270
2026-09-01 20:01:52 condition=Clean sequence=0006 frame=50/270
2026-09-01 20:01:55 condition=Clean sequence=0006 frame=75/270
2026-09-01 20:01:58 condition=Clean sequence=0006 frame=100/270
2026-09-01 20:02:02 condition=Clean sequence=0006 frame=125/270
2026-09-01 20:02:05 condition=Clean sequence=0006 frame=150/270
2026-09-01 20:02:08 condition=Clean sequence=0006 frame=175/270
2026-09-01 20:02:12 condition=Clean sequence=0006 frame=200/270
2026-09-01 20:02:15 condition=Clean sequence=0006 frame=225/270
2026-09-01 20:02:18 condition=Clean sequence=0006 frame=250/270
2026-09-01 20:02:21 epoch=3 best_val_mIoU={"full-scalar": 0.5504698120823718, "full-channel-gate": 0.5494278088701938, "full-temporal-semantic": 0.5499868517853377, "full-channel-temporal": 0.5497957955412854}
2026-09-01 20:02:22 condition=Clean sequence=0002 frame=25/233
2026-09-01 20:02:24 condition=Clean sequence=0002 frame=50/233
2026-09-01 20:02:27 condition=Clean sequence=0002 frame=75/233
2026-09-01 20:02:31 condition=Clean sequence=0002 frame=100/233
2026-09-01 20:02:34 condition=Clean sequence=0002 frame=125/233
2026-09-01 20:02:37 condition=Clean sequence=0002 frame=150/233
2026-09-01 20:02:41 condition=Clean sequence=0002 frame=175/233
2026-09-01 20:02:44 condition=Clean sequence=0002 frame=200/233
2026-09-01 20:02:47 condition=Clean sequence=0002 frame=225/233
2026-09-01 20:02:49 condition=Clean sequence=0006 frame=25/270
2026-09-01 20:02:51 condition=Clean sequence=0006 frame=50/270
2026-09-01 20:02:54 condition=Clean sequence=0006 frame=75/270
2026-09-01 20:02:57 condition=Clean sequence=0006 frame=100/270
2026-09-01 20:03:01 condition=Clean sequence=0006 frame=125/270
2026-09-01 20:03:04 condition=Clean sequence=0006 frame=150/270
2026-09-01 20:03:07 condition=Clean sequence=0006 frame=175/270
2026-09-01 20:03:10 condition=Clean sequence=0006 frame=200/270
2026-09-01 20:03:14 condition=Clean sequence=0006 frame=225/270
2026-09-01 20:03:17 condition=Clean sequence=0006 frame=250/270
2026-09-01 20:03:20 condition=Blur-Mid sequence=0002 frame=25/233
2026-09-01 20:03:23 condition=Blur-Mid sequence=0002 frame=50/233
2026-09-01 20:03:26 condition=Blur-Mid sequence=0002 frame=75/233
2026-09-01 20:03:29 condition=Blur-Mid sequence=0002 frame=100/233
2026-09-01 20:03:33 condition=Blur-Mid sequence=0002 frame=125/233
2026-09-01 20:03:36 condition=Blur-Mid sequence=0002 frame=150/233
2026-09-01 20:03:39 condition=Blur-Mid sequence=0002 frame=175/233
2026-09-01 20:03:43 condition=Blur-Mid sequence=0002 frame=200/233
2026-09-01 20:03:46 condition=Blur-Mid sequence=0002 frame=225/233
2026-09-01 20:03:47 condition=Blur-Mid sequence=0006 frame=25/270
2026-09-01 20:03:49 condition=Blur-Mid sequence=0006 frame=50/270
2026-09-01 20:03:53 condition=Blur-Mid sequence=0006 frame=75/270
2026-09-01 20:03:56 condition=Blur-Mid sequence=0006 frame=100/270
2026-09-01 20:03:59 condition=Blur-Mid sequence=0006 frame=125/270
2026-09-01 20:04:03 condition=Blur-Mid sequence=0006 frame=150/270
2026-09-01 20:04:06 condition=Blur-Mid sequence=0006 frame=175/270
2026-09-01 20:04:09 condition=Blur-Mid sequence=0006 frame=200/270
2026-09-01 20:04:12 condition=Blur-Mid sequence=0006 frame=225/270
2026-09-01 20:04:16 condition=Blur-Mid sequence=0006 frame=250/270
2026-09-01 20:04:19 condition=Blur-Max sequence=0002 frame=25/233
2026-09-01 20:04:21 condition=Blur-Max sequence=0002 frame=50/233
2026-09-01 20:04:25 condition=Blur-Max sequence=0002 frame=75/233
2026-09-01 20:04:28 condition=Blur-Max sequence=0002 frame=100/233
2026-09-01 20:04:31 condition=Blur-Max sequence=0002 frame=125/233
2026-09-01 20:04:35 condition=Blur-Max sequence=0002 frame=150/233
2026-09-01 20:04:38 condition=Blur-Max sequence=0002 frame=175/233
2026-09-01 20:04:41 condition=Blur-Max sequence=0002 frame=200/233
2026-09-01 20:04:44 condition=Blur-Max sequence=0002 frame=225/233
2026-09-01 20:04:46 condition=Blur-Max sequence=0006 frame=25/270
2026-09-01 20:04:48 condition=Blur-Max sequence=0006 frame=50/270
2026-09-01 20:04:51 condition=Blur-Max sequence=0006 frame=75/270
2026-09-01 20:04:55 condition=Blur-Max sequence=0006 frame=100/270
2026-09-01 20:04:58 condition=Blur-Max sequence=0006 frame=125/270
2026-09-01 20:05:01 condition=Blur-Max sequence=0006 frame=150/270
2026-09-01 20:05:04 condition=Blur-Max sequence=0006 frame=175/270
2026-09-01 20:05:08 condition=Blur-Max sequence=0006 frame=200/270
2026-09-01 20:05:11 condition=Blur-Max sequence=0006 frame=225/270
2026-09-01 20:05:14 condition=Blur-Max sequence=0006 frame=250/270
2026-09-01 20:05:18 condition=Clean sequence=0002 frame=25/233
2026-09-01 20:05:20 condition=Clean sequence=0002 frame=50/233
2026-09-01 20:05:24 condition=Clean sequence=0002 frame=75/233
2026-09-01 20:05:27 condition=Clean sequence=0002 frame=100/233
2026-09-01 20:05:30 condition=Clean sequence=0002 frame=125/233
2026-09-01 20:05:33 condition=Clean sequence=0002 frame=150/233
2026-09-01 20:05:37 condition=Clean sequence=0002 frame=175/233
2026-09-01 20:05:40 condition=Clean sequence=0002 frame=200/233
2026-09-01 20:05:43 condition=Clean sequence=0002 frame=225/233
2026-09-01 20:05:45 condition=Clean sequence=0006 frame=25/270
2026-09-01 20:05:47 condition=Clean sequence=0006 frame=50/270
2026-09-01 20:05:50 condition=Clean sequence=0006 frame=75/270
2026-09-01 20:05:54 condition=Clean sequence=0006 frame=100/270
2026-09-01 20:05:57 condition=Clean sequence=0006 frame=125/270
2026-09-01 20:06:00 condition=Clean sequence=0006 frame=150/270
2026-09-01 20:06:03 condition=Clean sequence=0006 frame=175/270
2026-09-01 20:06:07 condition=Clean sequence=0006 frame=200/270
2026-09-01 20:06:10 condition=Clean sequence=0006 frame=225/270
2026-09-01 20:06:13 condition=Clean sequence=0006 frame=250/270
2026-09-01 20:06:17 condition=Blur-Mid sequence=0002 frame=25/233
2026-09-01 20:06:19 condition=Blur-Mid sequence=0002 frame=50/233
2026-09-01 20:06:22 condition=Blur-Mid sequence=0002 frame=75/233
2026-09-01 20:06:26 condition=Blur-Mid sequence=0002 frame=100/233
2026-09-01 20:06:29 condition=Blur-Mid sequence=0002 frame=125/233
2026-09-01 20:06:32 condition=Blur-Mid sequence=0002 frame=150/233
2026-09-01 20:06:36 condition=Blur-Mid sequence=0002 frame=175/233
2026-09-01 20:06:39 condition=Blur-Mid sequence=0002 frame=200/233
2026-09-01 20:06:42 condition=Blur-Mid sequence=0002 frame=225/233
2026-09-01 20:06:44 condition=Blur-Mid sequence=0006 frame=25/270
2026-09-01 20:06:46 condition=Blur-Mid sequence=0006 frame=50/270
2026-09-01 20:06:49 condition=Blur-Mid sequence=0006 frame=75/270
2026-09-01 20:06:53 condition=Blur-Mid sequence=0006 frame=100/270
2026-09-01 20:06:56 condition=Blur-Mid sequence=0006 frame=125/270
2026-09-01 20:06:59 condition=Blur-Mid sequence=0006 frame=150/270
2026-09-01 20:07:02 condition=Blur-Mid sequence=0006 frame=175/270
2026-09-01 20:07:06 condition=Blur-Mid sequence=0006 frame=200/270
2026-09-01 20:07:09 condition=Blur-Mid sequence=0006 frame=225/270
2026-09-01 20:07:12 condition=Blur-Mid sequence=0006 frame=250/270
2026-09-01 20:07:16 condition=Blur-Max sequence=0002 frame=25/233
2026-09-01 20:07:18 condition=Blur-Max sequence=0002 frame=50/233
2026-09-01 20:07:21 condition=Blur-Max sequence=0002 frame=75/233
2026-09-01 20:07:25 condition=Blur-Max sequence=0002 frame=100/233
2026-09-01 20:07:28 condition=Blur-Max sequence=0002 frame=125/233
2026-09-01 20:07:31 condition=Blur-Max sequence=0002 frame=150/233
2026-09-01 20:07:35 condition=Blur-Max sequence=0002 frame=175/233
2026-09-01 20:07:38 condition=Blur-Max sequence=0002 frame=200/233
2026-09-01 20:07:41 condition=Blur-Max sequence=0002 frame=225/233
2026-09-01 20:07:42 condition=Blur-Max sequence=0006 frame=25/270
2026-09-01 20:07:45 condition=Blur-Max sequence=0006 frame=50/270
2026-09-01 20:07:48 condition=Blur-Max sequence=0006 frame=75/270
2026-09-01 20:07:51 condition=Blur-Max sequence=0006 frame=100/270
2026-09-01 20:07:55 condition=Blur-Max sequence=0006 frame=125/270
2026-09-01 20:07:58 condition=Blur-Max sequence=0006 frame=150/270
2026-09-01 20:08:01 condition=Blur-Max sequence=0006 frame=175/270
2026-09-01 20:08:05 condition=Blur-Max sequence=0006 frame=200/270
2026-09-01 20:08:08 condition=Blur-Max sequence=0006 frame=225/270
2026-09-01 20:08:11 condition=Blur-Max sequence=0006 frame=250/270
2026-09-01 20:08:14 condition=Clean sequence=0002 frame=25/233
2026-09-01 20:08:17 condition=Clean sequence=0002 frame=50/233
2026-09-01 20:08:20 condition=Clean sequence=0002 frame=75/233
2026-09-01 20:08:23 condition=Clean sequence=0002 frame=100/233
2026-09-01 20:08:27 condition=Clean sequence=0002 frame=125/233
2026-09-01 20:08:30 condition=Clean sequence=0002 frame=150/233
2026-09-01 20:08:33 condition=Clean sequence=0002 frame=175/233
2026-09-01 20:08:37 condition=Clean sequence=0002 frame=200/233
2026-09-01 20:08:40 condition=Clean sequence=0002 frame=225/233
2026-09-01 20:08:41 condition=Clean sequence=0006 frame=25/270
2026-09-01 20:08:44 condition=Clean sequence=0006 frame=50/270
2026-09-01 20:08:47 condition=Clean sequence=0006 frame=75/270
2026-09-01 20:08:50 condition=Clean sequence=0006 frame=100/270
2026-09-01 20:08:54 condition=Clean sequence=0006 frame=125/270
2026-09-01 20:08:57 condition=Clean sequence=0006 frame=150/270
2026-09-01 20:09:00 condition=Clean sequence=0006 frame=175/270
2026-09-01 20:09:04 condition=Clean sequence=0006 frame=200/270
2026-09-01 20:09:07 condition=Clean sequence=0006 frame=225/270
2026-09-01 20:09:10 condition=Clean sequence=0006 frame=250/270
2026-09-01 20:09:13 condition=Blur-Mid sequence=0002 frame=25/233
2026-09-01 20:09:16 condition=Blur-Mid sequence=0002 frame=50/233
2026-09-01 20:09:19 condition=Blur-Mid sequence=0002 frame=75/233
2026-09-01 20:09:23 condition=Blur-Mid sequence=0002 frame=100/233
2026-09-01 20:09:26 condition=Blur-Mid sequence=0002 frame=125/233
2026-09-01 20:09:29 condition=Blur-Mid sequence=0002 frame=150/233
2026-09-01 20:09:33 condition=Blur-Mid sequence=0002 frame=175/233
2026-09-01 20:09:36 condition=Blur-Mid sequence=0002 frame=200/233
2026-09-01 20:09:39 condition=Blur-Mid sequence=0002 frame=225/233
2026-09-01 20:09:40 condition=Blur-Mid sequence=0006 frame=25/270
2026-09-01 20:09:43 condition=Blur-Mid sequence=0006 frame=50/270
2026-09-01 20:09:46 condition=Blur-Mid sequence=0006 frame=75/270
2026-09-01 20:09:49 condition=Blur-Mid sequence=0006 frame=100/270
2026-09-01 20:09:53 condition=Blur-Mid sequence=0006 frame=125/270
2026-09-01 20:09:56 condition=Blur-Mid sequence=0006 frame=150/270
2026-09-01 20:09:59 condition=Blur-Mid sequence=0006 frame=175/270
2026-09-01 20:10:03 condition=Blur-Mid sequence=0006 frame=200/270
2026-09-01 20:10:06 condition=Blur-Mid sequence=0006 frame=225/270
2026-09-01 20:10:09 condition=Blur-Mid sequence=0006 frame=250/270
2026-09-01 20:10:13 condition=Blur-Max sequence=0002 frame=25/233
2026-09-01 20:10:15 condition=Blur-Max sequence=0002 frame=50/233
2026-09-01 20:10:18 condition=Blur-Max sequence=0002 frame=75/233
2026-09-01 20:10:22 condition=Blur-Max sequence=0002 frame=100/233
2026-09-01 20:10:25 condition=Blur-Max sequence=0002 frame=125/233
2026-09-01 20:10:28 condition=Blur-Max sequence=0002 frame=150/233
2026-09-01 20:10:32 condition=Blur-Max sequence=0002 frame=175/233
2026-09-01 20:10:35 condition=Blur-Max sequence=0002 frame=200/233
2026-09-01 20:10:38 condition=Blur-Max sequence=0002 frame=225/233
2026-09-01 20:10:40 condition=Blur-Max sequence=0006 frame=25/270
2026-09-01 20:10:42 condition=Blur-Max sequence=0006 frame=50/270
2026-09-01 20:10:45 condition=Blur-Max sequence=0006 frame=75/270
2026-09-01 20:10:49 condition=Blur-Max sequence=0006 frame=100/270
2026-09-01 20:10:52 condition=Blur-Max sequence=0006 frame=125/270
2026-09-01 20:10:55 condition=Blur-Max sequence=0006 frame=150/270
2026-09-01 20:10:59 condition=Blur-Max sequence=0006 frame=175/270
2026-09-01 20:11:02 condition=Blur-Max sequence=0006 frame=200/270
2026-09-01 20:11:05 condition=Blur-Max sequence=0006 frame=225/270
2026-09-01 20:11:09 condition=Blur-Max sequence=0006 frame=250/270
